Source path: src/mammoth/documents.clunk
sealed interface DocumentElement {
}

record Bookmark(name: String) <: DocumentElement

record BreakLine() <: DocumentElement

record BreakPage() <: DocumentElement

record BreakColumn() <: DocumentElement

record Comment(
    commentId: String,
    body: List[DocumentElement],
    authorName: Option[String],
    authorInitials: Option[String],
)

record CommentReference(commentId: String) <: DocumentElement

record Document(
    children: List[DocumentElement],
    notes: List[Note],
    comments: List[Comment],
)

record Hyperlink(
    href: String,
    targetFrame: Option[String],
    children: List[DocumentElement],
) <: DocumentElement

record Image(
    altText: Option[String],
    contentType: Option[String],
) <: DocumentElement

record Note(
    noteType: NoteType,
    id: String,
    body: List[DocumentElement],
)

enum NoteType {
    FOOTNOTE,
    ENDNOTE,
}

record NoteReference(
    noteType: NoteType,
    noteId: String,
) <: DocumentElement

record NumberingLevel(
    levelIndex: String,
    isOrdered: Bool,
)

record NumberingStyle(
    numId: String,
)

record Paragraph(
    style: Option[String],
    numbering: Option[NumberingLevel],
    indent: ParagraphIndent,
    children: List[DocumentElement],
) <: DocumentElement

record ParagraphIndent(
    start: Option[String],
    end: Option[String],
    firstLine: Option[String],
    hanging: Option[String],
)

record Run(
    isBold: Bool,
    isItalic: Bool,
    isUnderline: Bool,
    isStrikethrough: Bool,
    isAllCaps: Bool,
    isSmallCaps: Bool,
    verticalAlignment: VerticalAlignment,
    style: Option[String],
    children: List[DocumentElement],
) <: DocumentElement

record Style(
    styleId: String,
    name: Option[String],
)

record Tab() <: DocumentElement

record Table(
    style: Option[Style],
    children: List[DocumentElement],
) <: DocumentElement

record TableCell(
    rowspan: Int,
    colspan: Int,
    children: List[DocumentElement],
) <: DocumentElement

record TableRow(
    children: List[DocumentElement],
    isHeader: Bool,
) <: DocumentElement

record Text(
    value: String,
) <: DocumentElement

enum VerticalAlignment {
    SUPERSCRIPT,
    SUBSCRIPT,
    BASELINE
}


==============

Source path: src/mammoth/html.clunk
sealed interface HtmlNode {
}

fun element(tagName: String, attributes: Map[String, String], children: List[HtmlNode]) -> HtmlElement {
    return freshElement(tagName, attributes, children);
}

fun collapsibleElement(tagName: String, attributes: Map[String, String], children: List[HtmlNode]) -> HtmlElement {
    var tag = HtmlTag([tagName], attributes, true, "");
    return HtmlElement(tag, children);
}

fun freshElement(tagName: String, attributes: Map[String, String], children: List[HtmlNode]) -> HtmlElement {
    var tag = HtmlTag([tagName], attributes, false, "");
    return HtmlElement(tag, children);
}

record HtmlElement(tag: HtmlTag, children: List[HtmlNode]) <: HtmlNode {
    property defaultTagName: String {
        return tag.defaultTagName;
    }

    property isCollapsible: Bool {
        return tag.isCollapsible;
    }

    property isVoid: Bool {
        return tag.isVoid;
    }
}

fun forceWrite() -> HtmlForceWrite {
    // TODO: support top-level variables
    return HtmlForceWrite();
}

record HtmlForceWrite() <: HtmlNode

record HtmlTag(
    tagNames: List[String],
    attributes: Map[String, String],
    isCollapsible: Bool,
    separator: String,
) {
    property defaultTagName: String {
        return tagNames.get(0);
    }

    property isVoid: Bool {
        return defaultTagName == "br" ||
            defaultTagName == "hr" ||
            defaultTagName == "img";
    }
}

fun text(value: String) -> HtmlText {
    return HtmlText(value);
}

record HtmlText(value: String) <: HtmlNode {
    property isEmpty: Bool {
        return value == "";
    }
}

fun stripEmpty(nodes: List[HtmlNode]) -> List[HtmlNode] {
    return nodes.flatMap[HtmlNode](stripEmptyNode);
}

fun stripEmptyNode(node: HtmlNode) -> List[HtmlNode] {
    switch (node) {
        case HtmlElement {
            var children = stripEmpty(node.children);
            if (!node.isVoid && children.length() == 0) {
                return [];
            } else {
                return [HtmlElement(node.tag, children)];
            }
        }

        case HtmlForceWrite {
            return [node];
        }

        case HtmlText {
            if (node.isEmpty) {
                return [];
            } else {
                return [node];
            }
        }
    }
}

fun collapse(nodes: List[HtmlNode]) -> List[HtmlNode] {
    var collapsed = MutableList[HtmlNode]();

    for (var node in nodes) {
        collapsingAdd(collapsed, node);
    }

    return collapsed;
}

fun collapsingAdd(collapsed: MutableList[HtmlNode], node: HtmlNode) -> Unit {
    var collapsedNode = collapseNode(node);
    if (!tryCollapse(collapsed, collapsedNode)) {
        collapsed.add(collapsedNode);
    }
}

fun collapseNode(node: HtmlNode) -> HtmlNode {
    switch (node) {
        case HtmlElement {
            return HtmlElement(
                node.tag,
                collapse(node.children),
            );
        }

        case HtmlForceWrite {
            return node;
        }

        case HtmlText {
            return node;
        }
    }
}

fun tryCollapse(collapsed: MutableList[HtmlNode], node: HtmlNode) -> Bool {
    if (collapsed.length() == 0) {
        return false;
    }

    var last = collapsed.last();

    if (!(node instanceof HtmlElement)) {
        return false;
    }

    if (!(last instanceof HtmlElement)) {
        return false;
    }

    if (!node.isCollapsible || node.defaultTagName != last.defaultTagName) {
        return false;
    }

    for (var child in node.children) {
        collapsingAdd(last.children as MutableList[HtmlNode], child);
    }

    return true;
}


==============

Source path: src/mammoth/html.test.clunk
import stdlib/assertions.assertThat;
import stdlib/matchers.equalTo;
import mammoth/html;

testSuite "stripEmpty" {
    test "text nodes with text are not stripped" {
        var nodes = [html.text("H")];

        var result = html.stripEmpty(nodes);

        assertThat(result, equalTo([html.text("H")]));
    }

    test "empty text nodes are stripped" {
        var nodes = [html.text("")];

        var result = html.stripEmpty(nodes);

        assertThat(result, equalTo([]));
    }

    test "elements with non-empty children are not stripped" {
        var nodes = [html.element("p", #[], [html.text("H")])];

        var result = html.stripEmpty(nodes);

        assertThat(result, equalTo([html.element("p", #[], [html.text("H")])]));
    }

    test "elements with no children are stripped" {
        var nodes = [html.element("p", #[], [])];

        var result = html.stripEmpty(nodes);

        assertThat(result, equalTo([]));
    }

    test "elements with only empty children are stripped" {
        var nodes = [html.element("p", #[], [html.text("")])];

        var result = html.stripEmpty(nodes);

        assertThat(result, equalTo([]));
    }

    test "empty children are removed" {
        var nodes = [
            html.element("ul", #[], [
                html.element("li", #[], [html.text("")]),
                html.element("li", #[], [html.text("H")]),
            ]),
        ];

        var result = html.stripEmpty(nodes);

        assertThat(result, equalTo([
            html.element("ul", #[], [
                html.element("li", #[], [html.text("H")]),
            ]),
        ]));
    }

    test "self-closing elements are never empty" {
        var nodes = [html.element("br", #[], [])];

        var result = html.stripEmpty(nodes);

        assertThat(result, equalTo([html.element("br", #[], [])]));
    }

    test "force writes are never empty" {
        var nodes = [html.forceWrite()];

        var result = html.stripEmpty(nodes);

        assertThat(result, equalTo([html.forceWrite()]));
    }
}

testSuite "collapse" {
    test "collapsing does nothing to single text node" {
        var nodes = [html.text("Bluebells")];

        var result = html.collapse(nodes);

        assertThat(result, equalTo([html.text("Bluebells")]));
    }

    test "consecutive fresh elements are not collapsed" {
        var nodes = [
            html.freshElement("p", #[], []),
            html.freshElement("p", #[], []),
        ];

        var result = html.collapse(nodes);

        assertThat(result, equalTo([
            html.freshElement("p", #[], []),
            html.freshElement("p", #[], []),
        ]));
    }

    test "elements with different tag names are not collapsed" {
        var nodes = [
            html.collapsibleElement("p", #[], [html.text("One")]),
            html.collapsibleElement("div", #[], [html.text("Two")]),
        ];

        var result = html.collapse(nodes);

        assertThat(result, equalTo([
            html.collapsibleElement("p", #[], [html.text("One")]),
            html.collapsibleElement("div", #[], [html.text("Two")]),
        ]));
    }

    test "elements with different attributes are not collapsed" {
        var nodes = [
            html.collapsibleElement("p", #[["id", "a"]], [html.text("One")]),
            html.collapsibleElement("p", #[], [html.text("Two")]),
        ];

        var result = html.collapse(nodes);

        assertThat(result, equalTo([
            html.collapsibleElement("p", #[["id", "a"]], [html.text("One")]),
            html.collapsibleElement("p", #[], [html.text("Two")]),
        ]));
    }

    test "consecutive collapsible elements are collapsed if they have the same tag name and no attributes" {
        var nodes = [
            html.collapsibleElement("p", #[], [html.text("One")]),
            html.collapsibleElement("p", #[], [html.text("Two")]),
        ];

        var result = html.collapse(nodes);

        assertThat(result, equalTo([
            html.collapsibleElement("p", #[], [html.text("One"), html.text("Two")]),
        ]));
    }

    test "consecutive collapsible elements are collapsed if they have the same tag name and same attributes" {
        var nodes = [
            html.collapsibleElement("p", #[["a", "1"], ["b", "2"]], [html.text("One")]),
            html.collapsibleElement("p", #[["b", "2"], ["a", "1"]], [html.text("Two")]),
        ];

        var result = html.collapse(nodes);

        assertThat(result, equalTo([
            html.collapsibleElement("p", #[["a", "1"], ["b", "2"]], [html.text("One"), html.text("Two")]),
        ]));
    }

    test "children of elements are collapsed" {
        var nodes = [
            html.freshElement("div", #[], [
                html.collapsibleElement("p", #[], [html.text("One")]),
                html.collapsibleElement("p", #[], [html.text("Two")]),
            ]),
        ];

        var result = html.collapse(nodes);

        assertThat(result, equalTo([
            html.freshElement("div", #[], [
                html.collapsibleElement("p", #[], [html.text("One"), html.text("Two")]),
            ]),
        ]));
    }

    test "children of collapsed element can collapse with children of previous element" {
        var nodes = [
            html.collapsibleElement("blockquote", #[], [
                html.collapsibleElement("p", #[], [html.text("One")]),
            ]),
            html.collapsibleElement("blockquote", #[], [
                html.collapsibleElement("p", #[], [html.text("Two")]),
            ]),
        ];

        var result = html.collapse(nodes);

        assertThat(result, equalTo([
            html.collapsibleElement("blockquote", #[], [
                html.collapsibleElement("p", #[], [html.text("One"), html.text("Two")]),
            ]),
        ]));
    }

    test "collapsible element can collapse into previous fresh element" {
        var nodes = [
            html.freshElement("p", #[], []),
            html.collapsibleElement("p", #[], []),
        ];

        var result = html.collapse(nodes);

        assertThat(result, equalTo([
            html.freshElement("p", #[], []),
        ]));
    }
}


==============

Output path: mammoth/documents.py
from __future__ import annotations

import dataclasses
import typing
import enum
class DocumentElement:
    pass

@dataclasses.dataclass(frozen=True)
class Bookmark:
    name: str
    def accept(self, visitor):
        return visitor.visit_bookmark(self)

@dataclasses.dataclass(frozen=True)
class BreakLine:
    def accept(self, visitor):
        return visitor.visit_break_line(self)

@dataclasses.dataclass(frozen=True)
class BreakPage:
    def accept(self, visitor):
        return visitor.visit_break_page(self)

@dataclasses.dataclass(frozen=True)
class BreakColumn:
    def accept(self, visitor):
        return visitor.visit_break_column(self)

@dataclasses.dataclass(frozen=True)
class Comment:
    comment_id: str
    body: typing.List[DocumentElement]
    author_name: typing.Optional[str]
    author_initials: typing.Optional[str]

@dataclasses.dataclass(frozen=True)
class CommentReference:
    comment_id: str
    def accept(self, visitor):
        return visitor.visit_comment_reference(self)

@dataclasses.dataclass(frozen=True)
class Document:
    children: typing.List[DocumentElement]
    notes: typing.List[Note]
    comments: typing.List[Comment]

@dataclasses.dataclass(frozen=True)
class Hyperlink:
    href: str
    target_frame: typing.Optional[str]
    children: typing.List[DocumentElement]
    def accept(self, visitor):
        return visitor.visit_hyperlink(self)

@dataclasses.dataclass(frozen=True)
class Image:
    alt_text: typing.Optional[str]
    content_type: typing.Optional[str]
    def accept(self, visitor):
        return visitor.visit_image(self)

@dataclasses.dataclass(frozen=True)
class Note:
    note_type: NoteType
    id: str
    body: typing.List[DocumentElement]

class NoteType(enum.Enum):
    FOOTNOTE = enum.auto()
    ENDNOTE = enum.auto()

@dataclasses.dataclass(frozen=True)
class NoteReference:
    note_type: NoteType
    note_id: str
    def accept(self, visitor):
        return visitor.visit_note_reference(self)

@dataclasses.dataclass(frozen=True)
class NumberingLevel:
    level_index: str
    is_ordered: bool

@dataclasses.dataclass(frozen=True)
class NumberingStyle:
    num_id: str

@dataclasses.dataclass(frozen=True)
class Paragraph:
    style: typing.Optional[str]
    numbering: typing.Optional[NumberingLevel]
    indent: ParagraphIndent
    children: typing.List[DocumentElement]
    def accept(self, visitor):
        return visitor.visit_paragraph(self)

@dataclasses.dataclass(frozen=True)
class ParagraphIndent:
    start: typing.Optional[str]
    end: typing.Optional[str]
    first_line: typing.Optional[str]
    hanging: typing.Optional[str]

@dataclasses.dataclass(frozen=True)
class Run:
    is_bold: bool
    is_italic: bool
    is_underline: bool
    is_strikethrough: bool
    is_all_caps: bool
    is_small_caps: bool
    vertical_alignment: VerticalAlignment
    style: typing.Optional[str]
    children: typing.List[DocumentElement]
    def accept(self, visitor):
        return visitor.visit_run(self)

@dataclasses.dataclass(frozen=True)
class Style:
    style_id: str
    name: typing.Optional[str]

@dataclasses.dataclass(frozen=True)
class Tab:
    def accept(self, visitor):
        return visitor.visit_tab(self)

@dataclasses.dataclass(frozen=True)
class Table:
    style: typing.Optional[Style]
    children: typing.List[DocumentElement]
    def accept(self, visitor):
        return visitor.visit_table(self)

@dataclasses.dataclass(frozen=True)
class TableCell:
    rowspan: int
    colspan: int
    children: typing.List[DocumentElement]
    def accept(self, visitor):
        return visitor.visit_table_cell(self)

@dataclasses.dataclass(frozen=True)
class TableRow:
    children: typing.List[DocumentElement]
    is_header: bool
    def accept(self, visitor):
        return visitor.visit_table_row(self)

@dataclasses.dataclass(frozen=True)
class Text:
    value: str
    def accept(self, visitor):
        return visitor.visit_text(self)

class VerticalAlignment(enum.Enum):
    SUPERSCRIPT = enum.auto()
    SUBSCRIPT = enum.auto()
    BASELINE = enum.auto()


==============

Output path: mammoth/html.py
from __future__ import annotations

import dataclasses
import typing
class HtmlNode:
    pass

def element(tag_name, attributes, children):
    return fresh_element(tag_name, attributes, children)

def collapsible_element(tag_name, attributes, children):
    tag = HtmlTag([tag_name], attributes, True, "")
    return HtmlElement(tag, children)

def fresh_element(tag_name, attributes, children):
    tag = HtmlTag([tag_name], attributes, False, "")
    return HtmlElement(tag, children)

@dataclasses.dataclass(frozen=True)
class HtmlElement:
    tag: HtmlTag
    children: typing.List[HtmlNode]
    @property
    def default_tag_name(self):
        return self.tag.default_tag_name

    @property
    def is_collapsible(self):
        return self.tag.is_collapsible

    @property
    def is_void(self):
        return self.tag.is_void
    def accept(self, visitor):
        return visitor.visit_html_element(self)

def force_write():
    # TODO: support top-level variables
    return HtmlForceWrite()

@dataclasses.dataclass(frozen=True)
class HtmlForceWrite:
    def accept(self, visitor):
        return visitor.visit_html_force_write(self)

@dataclasses.dataclass(frozen=True)
class HtmlTag:
    tag_names: typing.List[str]
    attributes: Map[str, str]
    is_collapsible: bool
    separator: str
    @property
    def default_tag_name(self):
        return self.tag_names[0]

    @property
    def is_void(self):
        return self.default_tag_name == "br" or self.default_tag_name == "hr" or self.default_tag_name == "img"

def text(value):
    return HtmlText(value)

@dataclasses.dataclass(frozen=True)
class HtmlText:
    value: str
    @property
    def is_empty(self):
        return self.value == ""
    def accept(self, visitor):
        return visitor.visit_html_text(self)

def strip_empty(nodes):
    return [_result for _element in nodes for _result in strip_empty_node(_element)]

def strip_empty_node(node):
    class Visitor:
        def visit_html_element(self, node):
            children = strip_empty(node.children)
            if not node.is_void and len(children) == 0:
                return []
            else:
                return [HtmlElement(node.tag, children)]
        def visit_html_force_write(self, node):
            return [node]
        def visit_html_text(self, node):
            if node.is_empty:
                return []
            else:
                return [node]
    return node.accept(Visitor())

def collapse(nodes):
    collapsed = []

    for node in nodes:
        collapsing_add(collapsed, node)

    return collapsed

def collapsing_add(collapsed, node):
    collapsed_node = collapse_node(node)
    if not try_collapse(collapsed, collapsed_node):
        collapsed.append(collapsed_node)

def collapse_node(node):
    class Visitor:
        def visit_html_element(self, node):
            return HtmlElement(node.tag, collapse(node.children))
        def visit_html_force_write(self, node):
            return node
        def visit_html_text(self, node):
            return node
    return node.accept(Visitor())

def try_collapse(collapsed, node):
    if len(collapsed) == 0:
        return False

    last = collapsed[-1]

    if not isinstance(node, HtmlElement):
        return False

    if not isinstance(last, HtmlElement):
        return False

    if not node.is_collapsible or node.default_tag_name != last.default_tag_name:
        return False

    for child in node.children:
        collapsing_add(last.children, child)

    return True


==============

Output path: mammoth/html_test.py
from __future__ import annotations

from precisely import assert_that
from precisely import equal_to
from mammoth import html

class StripEmptyTests:
    def test_text_nodes_with_text_are_not_stripped(self):
        nodes = [html.text("H")]

        result = html.strip_empty(nodes)

        assert_that(result, equal_to([html.text("H")]))

    def test_empty_text_nodes_are_stripped(self):
        nodes = [html.text("")]

        result = html.strip_empty(nodes)

        assert_that(result, equal_to([]))

    def test_elements_with_non_empty_children_are_not_stripped(self):
        nodes = [html.element("p", {}, [html.text("H")])]

        result = html.strip_empty(nodes)

        assert_that(result, equal_to([html.element("p", {}, [html.text("H")])]))

    def test_elements_with_no_children_are_stripped(self):
        nodes = [html.element("p", {}, [])]

        result = html.strip_empty(nodes)

        assert_that(result, equal_to([]))

    def test_elements_with_only_empty_children_are_stripped(self):
        nodes = [html.element("p", {}, [html.text("")])]

        result = html.strip_empty(nodes)

        assert_that(result, equal_to([]))

    def test_empty_children_are_removed(self):
        nodes = [html.element("ul", {}, [html.element("li", {}, [html.text("")]), html.element("li", {}, [html.text("H")])])]

        result = html.strip_empty(nodes)

        assert_that(result, equal_to([html.element("ul", {}, [html.element("li", {}, [html.text("H")])])]))

    def test_self_closing_elements_are_never_empty(self):
        nodes = [html.element("br", {}, [])]

        result = html.strip_empty(nodes)

        assert_that(result, equal_to([html.element("br", {}, [])]))

    def test_force_writes_are_never_empty(self):
        nodes = [html.force_write()]

        result = html.strip_empty(nodes)

        assert_that(result, equal_to([html.force_write()]))

class CollapseTests:
    def test_collapsing_does_nothing_to_single_text_node(self):
        nodes = [html.text("Bluebells")]

        result = html.collapse(nodes)

        assert_that(result, equal_to([html.text("Bluebells")]))

    def test_consecutive_fresh_elements_are_not_collapsed(self):
        nodes = [html.fresh_element("p", {}, []), html.fresh_element("p", {}, [])]

        result = html.collapse(nodes)

        assert_that(result, equal_to([html.fresh_element("p", {}, []), html.fresh_element("p", {}, [])]))

    def test_elements_with_different_tag_names_are_not_collapsed(self):
        nodes = [html.collapsible_element("p", {}, [html.text("One")]), html.collapsible_element("div", {}, [html.text("Two")])]

        result = html.collapse(nodes)

        assert_that(result, equal_to([html.collapsible_element("p", {}, [html.text("One")]), html.collapsible_element("div", {}, [html.text("Two")])]))

    def test_elements_with_different_attributes_are_not_collapsed(self):
        nodes = [html.collapsible_element("p", {"id": "a"}, [html.text("One")]), html.collapsible_element("p", {}, [html.text("Two")])]

        result = html.collapse(nodes)

        assert_that(result, equal_to([html.collapsible_element("p", {"id": "a"}, [html.text("One")]), html.collapsible_element("p", {}, [html.text("Two")])]))

    def test_consecutive_collapsible_elements_are_collapsed_if_they_have_the_same_tag_name_and_no_attributes(self):
        nodes = [html.collapsible_element("p", {}, [html.text("One")]), html.collapsible_element("p", {}, [html.text("Two")])]

        result = html.collapse(nodes)

        assert_that(result, equal_to([html.collapsible_element("p", {}, [html.text("One"), html.text("Two")])]))

    def test_consecutive_collapsible_elements_are_collapsed_if_they_have_the_same_tag_name_and_same_attributes(self):
        nodes = [html.collapsible_element("p", {"a": "1", "b": "2"}, [html.text("One")]), html.collapsible_element("p", {"b": "2", "a": "1"}, [html.text("Two")])]

        result = html.collapse(nodes)

        assert_that(result, equal_to([html.collapsible_element("p", {"a": "1", "b": "2"}, [html.text("One"), html.text("Two")])]))

    def test_children_of_elements_are_collapsed(self):
        nodes = [html.fresh_element("div", {}, [html.collapsible_element("p", {}, [html.text("One")]), html.collapsible_element("p", {}, [html.text("Two")])])]

        result = html.collapse(nodes)

        assert_that(result, equal_to([html.fresh_element("div", {}, [html.collapsible_element("p", {}, [html.text("One"), html.text("Two")])])]))

    def test_children_of_collapsed_element_can_collapse_with_children_of_previous_element(self):
        nodes = [html.collapsible_element("blockquote", {}, [html.collapsible_element("p", {}, [html.text("One")])]), html.collapsible_element("blockquote", {}, [html.collapsible_element("p", {}, [html.text("Two")])])]

        result = html.collapse(nodes)

        assert_that(result, equal_to([html.collapsible_element("blockquote", {}, [html.collapsible_element("p", {}, [html.text("One"), html.text("Two")])])]))

    def test_collapsible_element_can_collapse_into_previous_fresh_element(self):
        nodes = [html.fresh_element("p", {}, []), html.collapsible_element("p", {}, [])]

        result = html.collapse(nodes)

        assert_that(result, equal_to([html.fresh_element("p", {}, [])]))


==============

============================= test session starts ==============================
rootdir: ROOTDIR, configfile: tox.ini
collected 17 items

mammoth/html_test.py ...........F.....                                   [100%]

=================================== FAILURES ===================================
___ CollapseTests.test_elements_with_different_attributes_are_not_collapsed ____
mammoth/html_test.py:91: in test_elements_with_different_attributes_are_not_collapsed
    assert_that(result, equal_to([html.collapsible_element("p", {"id": "a"}, [html.text("One")]), html.collapsible_element("p", {}, [html.text("Two")])]))
SITE-PACKAGES/precisely/__init__.py:50: in assert_that
    raise AssertionError("\nExpected:{0}\nbut:{1}".format(
E   AssertionError: 
E   Expected:
E     [HtmlElement(tag=HtmlTag(tag_names=['p'], attributes={'id': 'a'}, is_collapsible=True, separator=''), children=[HtmlText(value='One')]), HtmlElement(tag=HtmlTag(tag_names=['p'], attributes={}, is_collapsible=True, separator=''), children=[HtmlText(value='Two')])]
E   but:
E     was [HtmlElement(tag=HtmlTag(tag_names=['p'], attributes={'id': 'a'}, is_collapsible=True, separator=''), children=[HtmlText(value='One'), HtmlText(value='Two')])]
=========================== short test summary info ============================
FAILED mammoth/html_test.py::CollapseTests::test_elements_with_different_attributes_are_not_collapsed
========================= 1 failed, 16 passed in TIME =========================