Source path: src/varStatementsTest.clunk
import stdlib/assertions.assertThat;
import stdlib/matchers.equalTo;

test "var statement" {
    var result = 5;

    assertThat(result, equalTo(5));
}


==============

Output path: varStatementsTest/VarStatementsTest.java
package varStatementsTest;

import static org.hamcrest.MatcherAssert.assertThat;
import static org.hamcrest.Matchers.equalTo;

public class VarStatementsTest {
    @org.junit.jupiter.api.Test
    @org.junit.jupiter.api.DisplayName("var statement")
    public void varStatement() {
        var result = 5;
        assertThat(result, equalTo(5));
    }
}

==============

╷
├─ JUnit Jupiter ✔
│  └─ VarStatementsTest ✔
│     └─ var statement ✔
└─ JUnit Vintage ✔

Test run finished after TIME ms
[         3 containers found      ]
[         0 containers skipped    ]
[         3 containers started    ]
[         0 containers aborted    ]
[         3 containers successful ]
[         0 containers failed     ]
[         1 tests found           ]
[         0 tests skipped         ]
[         1 tests started         ]
[         0 tests aborted         ]
[         1 tests successful      ]
[         0 tests failed          ]
