Source path: src/stringBuilder.test.clunk
import stdlib/assertions.assertThat;
import stdlib/matchers.equalTo;

test "string builder" {
    var node = StringBuilder();
    node.append("Hello");
    node.append(", ");
    node.append("world!");
    var result = node.build();

    assertThat(result, equalTo("Hello, world!"));
}


==============

Output path: stringBuilder/StringBuilderTests.java
package stringBuilder;

import static org.zwobble.precisely.AssertThat.assertThat;
import static org.zwobble.precisely.Matchers.equalTo;

public class StringBuilderTests {
    @org.junit.jupiter.api.Test
    @org.junit.jupiter.api.DisplayName("string builder")
    public void stringBuilder() {
        var node = new StringBuilder();
        node.append("Hello");
        node.append(", ");
        node.append("world!");
        var result = node.toString();

        assertThat(result, equalTo("Hello, world!"));
    }
}

==============

╷
├─ JUnit Jupiter ✔
│  └─ StringBuilderTests ✔
│     └─ string builder ✔
└─ JUnit Vintage ✔

Test run finished after TIME ms
[         3 containers found      ]
[         0 containers skipped    ]
[         3 containers started    ]
[         0 containers aborted    ]
[         3 containers successful ]
[         0 containers failed     ]
[         1 tests found           ]
[         0 tests skipped         ]
[         1 tests started         ]
[         0 tests aborted         ]
[         1 tests successful      ]
[         0 tests failed          ]
