Source path: src/SimpleTest.clunk
import stdlib/assertions.assertThat;
import stdlib/matchers.equalTo;

test "assert False" {
    assertThat(false, equalTo(true));
}

test "assert True" {
    assertThat(true, equalTo(false));
}

test "assert 42 == 47" {
    assertThat(42, equalTo(47));
}

test "assert 42 == 42" {
    assertThat(42, equalTo(42));
}


==============

Output path: SimpleTest.ts
import {assertThat} from "@mwilliamson/precisely";
import {equalTo} from "@mwilliamson/precisely";

(test)("assert False", function () {
    (assertThat)(false, (equalTo)(true));
});

(test)("assert True", function () {
    (assertThat)(true, (equalTo)(false));
});

(test)("assert 42 == 47", function () {
    (assertThat)(42, (equalTo)(47));
});

(test)("assert 42 == 42", function () {
    (assertThat)(42, (equalTo)(42));
});


==============



  1) assert False
  2) assert True
  3) assert 42 == 47
  âœ” assert 42 == 42

  1 passing (TIME)
  3 failing

  1) assert False:
     AssertionError: 
Expected:
  true
but:
  was false
      at Object.assertThat (node_modules/@mwilliamson/precisely/lib/assertThat.js:14:15)
      at Context.<anonymous> (src/SimpleTest.ts:5:17)
      at processImmediate (node:internal/timers:466:21)

  2) assert True:
     AssertionError: 
Expected:
  false
but:
  was true
      at Object.assertThat (node_modules/@mwilliamson/precisely/lib/assertThat.js:14:15)
      at Context.<anonymous> (src/SimpleTest.ts:9:17)
      at processImmediate (node:internal/timers:466:21)

  3) assert 42 == 47:
     AssertionError: 
Expected:
  47
but:
  was 42
      at Object.assertThat (node_modules/@mwilliamson/precisely/lib/assertThat.js:14:15)
      at Context.<anonymous> (src/SimpleTest.ts:13:17)
      at processImmediate (node:internal/timers:466:21)


