Source path: src/varStatementsTest.clunk
import stdlib/assertions.assertThat;
import stdlib/matchers.equalTo;

test "var statement" {
    var result = 5;

    assertThat(result, equalTo(5));
}


==============

Output path: varStatementsTest.ts
import {assertThat} from "@mwilliamson/precisely";
import {equalTo} from "@mwilliamson/precisely";
(test)("var statement", function () {
    let result = 5;
    (assertThat)(result, (equalTo)(5));
});


==============



  âœ” var statement

  1 passing (TIME)
